Script started on Wed 01 Nov 2017 10:51:06 PM EDT
wryder@pu1:~/cs2401/labs/lab10$ exitg++ *.cc
wryder@pu1:~/cs2401/labs/lab10$ g++ *.cc[4Pexitg++ *.cc[4Pexit./a.out
Please enter your expression:
12 679 5 + 4 * 8 / +
12
679
5
684
4
2736
8
342
354
The answer is: 354
Enter another equation?(y or n) **NOTE** If you choose 'y', please enter 'y' first and then follow that with the equation, so type: y 'equation'
y 34 6 + 16 * 18 -
34
6
40
16
640
18
622
The answer is: 622
Enter another equation?(y or n) **NOTE** If you choose 'y', please enter 'y' first and then follow that with the equation, so type: y 'equation'
y 12 6 - 8 _   + 7 * = +
12
6
6
8
14
7
98
Error. Insufficient operators for operands.
wryder@pu1:~/cs2401/labs/lab10$ ./a.out
Please enter your expression:
56 78 84 + 33 *
56
78
84
162
33
5346
More than one number left in stack error
wryder@pu1:~/cs2401/labs/lab10$ ./a.out
Please enter your expression:
12 + 2 - 32 + 23 + 12 / 3 +
12
2
10
32
42
23
65
12
5
3
8
The answer is: 8
Enter another equation?(y or n) **NOTE** If you choose 'y', please enter 'y' first and then follow that with the equation, so type: y 'equation'
y 10 10 _^H   + 10  20 - 1- 0 / 2 + 100 _ +
10
10
20
20
0
10
0
2
2
100
102
The answer is: 102
Enter another equation?(y or n) **NOTE** If you choose 'y', please enter 'y' first and then follow that with the equation, so type: y 'equation'
n
wryder@pu1:~/cs2401/labs/lab10$ exit
exit

Script done on Wed 01 Nov 2017 10:54:42 PM EDT
